#-----------------------------------------------------------
# Vivado v2025.1 (64-bit)
# SW Build 6140274 on Thu May 22 00:12:29 MDT 2025
# IP Build 6138677 on Thu May 22 03:10:11 MDT 2025
# SharedData Build 6139179 on Tue May 20 17:58:58 MDT 2025
# Start of session at: Sat Jan 17 17:29:58 2026
# Process ID         : 5456
# Current directory  : C:/Users/samue/Documents/Arty-7-100T/RISC-V/RISC-V.runs/impl_1
# Command line       : vivado.exe -log soc_top.vdi -applog -product Vivado -messageDb vivado.pb -mode batch -source soc_top.tcl -notrace
# Log file           : C:/Users/samue/Documents/Arty-7-100T/RISC-V/RISC-V.runs/impl_1/soc_top.vdi
# Journal file       : C:/Users/samue/Documents/Arty-7-100T/RISC-V/RISC-V.runs/impl_1\vivado.jou
# Running On         : LAPTOP-6D7E7RAB
# Platform           : Windows Server 2016 or Windows 10
# Operating System   : 26100
# Processor Detail   : Intel(R) Core(TM) Ultra 9 285H
# CPU Frequency      : 3686 MHz
# CPU Physical cores : 16
# CPU Logical cores  : 16
# Host memory        : 33820 MB
# Swap memory        : 8053 MB
# Total Virtual      : 41873 MB
# Available Virtual  : 16439 MB
#-----------------------------------------------------------
source soc_top.tcl -notrace
